[+] Containers:
 |- [+] Container: /Game/level/MainMenu_
 |   |- [+] ActorDescs:
 |   |   |- Guid:18D71A7A49627452C28101A69B5DC491 NativeClass:/Script/Landscape.LandscapeStreamingProxy Name:LandscapeStreamingProxy_6BMQW77DBUC6AMXW76JY2B1BD_30_3_0_0 Label:LandscapeStreamingProxy_3_0_0 SpatiallyLoaded:true EditorBounds:IsValid=true, Min=(X=3000.000 Y=-6000.000 Z=0.000), Max=(X=6000.000 Y=-3000.000 Z=4011.719) RuntimeBounds:IsValid=true, Min=(X=3000.000 Y=-6000.000 Z=50.781), Max=(X=6000.000 Y=-3000.000 Z=4011.719) RuntimeGrid:None EditorOnly:false RuntimeOnly:false HLODRelevant:true ListedInSceneOutliner:true IsMainWorldOnly:false
 |   |   |- Guid:1B409F5A4447FD28D33FD5A0E5EDA6C5 NativeClass:/Script/Engine.ExponentialHeightFog Name:ExponentialHeightFog_UAID_10FFE03328859FB502_1137759619 Label:ExponentialHeightFog SpatiallyLoaded:false EditorBounds:IsValid=true, Min=(X=-5728.000 Y=-178.000 Z=-6978.000), Max=(X=-5472.000 Y=78.000 Z=-6722.000) RuntimeBounds:IsValid=true, Min=(X=-5600.000 Y=-50.000 Z=-6850.000), Max=(X=-5600.000 Y=-50.000 Z=-6850.000) RuntimeGrid:None EditorOnly:false RuntimeOnly:false HLODRelevant:false ListedInSceneOutliner:true IsMainWorldOnly:false FolderPath:Lighting FolderGuid:B7E9BD5B45A652654791988DEF54CCEB
 |   |   |- Guid:1CA0C11F49BDE13A00F1ACB2C40DED1E NativeClass:/Script/NavigationSystem.NavMeshBoundsVolume Name:NavMeshBoundsVolume_UAID_10FFE0332885A19502_2092848175 Label:NavMeshBoundsVolume SpatiallyLoaded:false EditorBounds:IsValid=true, Min=(X=3740.564 Y=-2240.225 Z=-21.551), Max=(X=4780.585 Y=2197.064 Z=278.449) RuntimeBounds:IsValid=true, Min=(X=3740.564 Y=-2240.225 Z=-21.551), Max=(X=4780.585 Y=2197.064 Z=278.449) RuntimeGrid:None EditorOnly:false RuntimeOnly:false HLODRelevant:false ListedInSceneOutliner:true IsMainWorldOnly:false
 |   |   |- Guid:22D4ED7B409140A0FD5677A1F5A0E0A1 NativeClass:/Script/Engine.SkyLight Name:SkyLight_UAID_10FFE03328859FB502_1137758618 Label:SkyLight SpatiallyLoaded:false EditorBounds:IsValid=true, Min=(X=-1.000 Y=-1.000 Z=-1.000), Max=(X=1.000 Y=1.000 Z=1.000) RuntimeBounds:IsValid=true, Min=(X=0.000 Y=0.000 Z=0.000), Max=(X=0.000 Y=0.000 Z=0.000) RuntimeGrid:None EditorOnly:false RuntimeOnly:false HLODRelevant:false ListedInSceneOutliner:true IsMainWorldOnly:false FolderPath:Lighting FolderGuid:B7E9BD5B45A652654791988DEF54CCEB
 |   |   |- Guid:2A205C194207002E0BDB209F352C7D6F NativeClass:/Script/WaterEditor.WaterBrushManager Name:Landscape2_WaterBrushManager_0 Label:Landscape2_WaterBrushManager SpatiallyLoaded:false EditorBounds:IsValid=true, Min=(X=-650.000 Y=-650.000 Z=656.500), Max=(X=1350.000 Y=1350.000 Z=51000.000) RuntimeBounds:IsValid=true, Min=(X=0.000 Y=0.000 Z=837.500), Max=(X=350.000 Y=350.000 Z=50000.000) RuntimeGrid:None EditorOnly:false RuntimeOnly:false HLODRelevant:false ListedInSceneOutliner:true IsMainWorldOnly:false
 |   |   |- Guid:37A9F36049AEE08C801C2F98FA8D9AD9 NativeClass:/Script/Landscape.LandscapeStreamingProxy Name:LandscapeStreamingProxy_6BMQW77DBUC6AMXW76JY2B1BD_30_1_1_0 Label:LandscapeStreamingProxy_1_1_0 SpatiallyLoaded:true EditorBounds:IsValid=true, Min=(X=-3000.000 Y=-3000.000 Z=-1142.969), Max=(X=0.000 Y=0.000 Z=52.344) RuntimeBounds:IsValid=true, Min=(X=-3000.000 Y=-3000.000 Z=-1142.969), Max=(X=0.000 Y=0.000 Z=52.344) RuntimeGrid:None EditorOnly:false RuntimeOnly:false HLODRelevant:true ListedInSceneOutliner:true IsMainWorldOnly:false
 |   |   |- Guid:3C3865934384999873FC8C8716BE86CC NativeClass:/Script/Engine.PlayerStart Name:PlayerStart_UAID_10FFE0332885598102_1234367383 Label:PlayerStart SpatiallyLoaded:false EditorBounds:IsValid=true, Min=(X=-1438.000 Y=242.000 Z=-36.096), Max=(X=-1070.000 Y=498.000 Z=219.904) RuntimeBounds:IsValid=true, Min=(X=-1350.000 Y=330.000 Z=-0.096), Max=(X=-1270.000 Y=410.000 Z=183.904) RuntimeGrid:None EditorOnly:false RuntimeOnly:false HLODRelevant:false ListedInSceneOutliner:true IsMainWorldOnly:false
 |   |   |- Guid:3EE3383A4C8FD03E2F6CFA93ED5D5B91 NativeClass:/Script/Engine.DirectionalLight Name:DirectionalLight_UAID_10FFE03328859FB502_1137754615 Label:DirectionalLight SpatiallyLoaded:false EditorBounds:IsValid=false, Min=(X=0.000 Y=0.000 Z=0.000), Max=(X=0.000 Y=0.000 Z=0.000) RuntimeBounds:IsValid=false, Min=(X=0.000 Y=0.000 Z=0.000), Max=(X=0.000 Y=0.000 Z=0.000) RuntimeGrid:None EditorOnly:false RuntimeOnly:false HLODRelevant:false ListedInSceneOutliner:true IsMainWorldOnly:true FolderPath:Lighting FolderGuid:B7E9BD5B45A652654791988DEF54CCEB
 |   |   |- Guid:3FDB264D43F7941F2E7842A790E4578B NativeClass:/Script/Landscape.LandscapeStreamingProxy Name:LandscapeStreamingProxy_6BMQW77DBUC6AMXW76JY2B1BD_30_1_0_0 Label:LandscapeStreamingProxy_1_0_0 SpatiallyLoaded:true EditorBounds:IsValid=true, Min=(X=-3000.000 Y=-6000.000 Z=-1289.062), Max=(X=0.000 Y=-3000.000 Z=2121.875) RuntimeBounds:IsValid=true, Min=(X=-3000.000 Y=-6000.000 Z=-1289.062), Max=(X=0.000 Y=-3000.000 Z=2121.875) RuntimeGrid:None EditorOnly:false RuntimeOnly:false HLODRelevant:true ListedInSceneOutliner:true IsMainWorldOnly:false
 |   |   |- Guid:5368FABB47D6D9580DAECA8B0417BF92 NativeClass:/Script/Engine.WorldDataLayers Name:WorldDataLayers Label:WorldDataLayers-1 SpatiallyLoaded:false EditorBounds:IsValid=false, Min=(X=0.000 Y=0.000 Z=0.000), Max=(X=0.000 Y=0.000 Z=0.000) RuntimeBounds:IsValid=false, Min=(X=0.000 Y=0.000 Z=0.000), Max=(X=0.000 Y=0.000 Z=0.000) RuntimeGrid:None EditorOnly:false RuntimeOnly:false HLODRelevant:false ListedInSceneOutliner:true IsMainWorldOnly:true
 |   |   |- Guid:5CD735F648367D2CF4A18CA7997C6562 NativeClass:/Script/Landscape.LandscapeStreamingProxy Name:LandscapeStreamingProxy_6BMQW77DBUC6AMXW76JY2B1BD_30_0_3_0 Label:LandscapeStreamingProxy_0_3_0 SpatiallyLoaded:true EditorBounds:IsValid=true, Min=(X=-6000.000 Y=3000.000 Z=0.000), Max=(X=-3000.000 Y=6000.000 Z=3315.625) RuntimeBounds:IsValid=true, Min=(X=-6000.000 Y=3000.000 Z=32.031), Max=(X=-3000.000 Y=6000.000 Z=3315.625) RuntimeGrid:None EditorOnly:false RuntimeOnly:false HLODRelevant:true ListedInSceneOutliner:true IsMainWorldOnly:false
 |   |   |- Guid:5DA66E3C40A657C4A4F6B4828A06897F NativeClass:/Script/Landscape.LandscapeStreamingProxy Name:LandscapeStreamingProxy_6BMQW77DBUC6AMXW76JY2B1BD_30_3_1_0 Label:LandscapeStreamingProxy_3_1_0 SpatiallyLoaded:true EditorBounds:IsValid=true, Min=(X=3000.000 Y=-3000.000 Z=-100.000), Max=(X=6000.000 Y=0.000 Z=1389.062) RuntimeBounds:IsValid=true, Min=(X=3000.000 Y=-3000.000 Z=-100.000), Max=(X=6000.000 Y=0.000 Z=1389.062) RuntimeGrid:None EditorOnly:false RuntimeOnly:false HLODRelevant:true ListedInSceneOutliner:true IsMainWorldOnly:false
 |   |   |- Guid:5EE02591470127ACB6BDE08998671F2A NativeClass:/Script/Landscape.LandscapeStreamingProxy Name:LandscapeStreamingProxy_6BMQW77DBUC6AMXW76JY2B1BD_30_2_2_0 Label:LandscapeStreamingProxy_2_2_0 SpatiallyLoaded:true EditorBounds:IsValid=true, Min=(X=0.000 Y=0.000 Z=-1258.594), Max=(X=3000.000 Y=3000.000 Z=1386.719) RuntimeBounds:IsValid=true, Min=(X=0.000 Y=0.000 Z=-1258.594), Max=(X=3000.000 Y=3000.000 Z=1386.719) RuntimeGrid:None EditorOnly:false RuntimeOnly:false HLODRelevant:true ListedInSceneOutliner:true IsMainWorldOnly:false
 |   |   |- Guid:66B972434409D49FE30008B70AA98C69 NativeClass:/Script/Landscape.Landscape Name:Landscape_UAID_10FFE0332885F2AE02_1295167831 Label:Landscape2 SpatiallyLoaded:false EditorBounds:IsValid=true, Min=(X=-6000.000 Y=-6000.000 Z=0.000), Max=(X=-6000.000 Y=-6000.000 Z=0.000) RuntimeBounds:IsValid=true, Min=(X=-6000.000 Y=-6000.000 Z=0.000), Max=(X=-6000.000 Y=-6000.000 Z=0.000) RuntimeGrid:None EditorOnly:false RuntimeOnly:false HLODRelevant:false ListedInSceneOutliner:true IsMainWorldOnly:false
 |   |   |- Guid:74986C4E4C60F62C85A44AA4AFD1E3BB NativeClass:/Script/Landscape.LandscapeStreamingProxy Name:LandscapeStreamingProxy_6BMQW77DBUC6AMXW76JY2B1BD_30_2_0_0 Label:LandscapeStreamingProxy_2_0_0 SpatiallyLoaded:true EditorBounds:IsValid=true, Min=(X=0.000 Y=-6000.000 Z=-1293.750), Max=(X=3000.000 Y=-3000.000 Z=2184.375) RuntimeBounds:IsValid=true, Min=(X=0.000 Y=-6000.000 Z=-1293.750), Max=(X=3000.000 Y=-3000.000 Z=2184.375) RuntimeGrid:None EditorOnly:false RuntimeOnly:false HLODRelevant:true ListedInSceneOutliner:true IsMainWorldOnly:false
 |   |   |- Guid:85890D404084D8A9460576920AA2C989 NativeClass:/Script/Engine.VolumetricCloud Name:VolumetricCloud_UAID_10FFE03328859FB502_1137760620 Label:VolumetricCloud SpatiallyLoaded:false EditorBounds:IsValid=true, Min=(X=-128.000 Y=-128.000 Z=-128.000), Max=(X=128.000 Y=128.000 Z=128.000) RuntimeBounds:IsValid=true, Min=(X=0.000 Y=0.000 Z=0.000), Max=(X=0.000 Y=0.000 Z=0.000) RuntimeGrid:None EditorOnly:false RuntimeOnly:false HLODRelevant:false ListedInSceneOutliner:true IsMainWorldOnly:false FolderPath:Lighting FolderGuid:B7E9BD5B45A652654791988DEF54CCEB
 |   |   |- Guid:8A1691EC4F022AFF30668E8128664CA4 NativeClass:/Script/Landscape.LandscapeStreamingProxy Name:LandscapeStreamingProxy_6BMQW77DBUC6AMXW76JY2B1BD_30_3_2_0 Label:LandscapeStreamingProxy_3_2_0 SpatiallyLoaded:true EditorBounds:IsValid=true, Min=(X=3000.000 Y=0.000 Z=-68.750), Max=(X=6000.000 Y=3000.000 Z=1078.906) RuntimeBounds:IsValid=true, Min=(X=3000.000 Y=0.000 Z=-68.750), Max=(X=6000.000 Y=3000.000 Z=1078.906) RuntimeGrid:None EditorOnly:false RuntimeOnly:false HLODRelevant:true ListedInSceneOutliner:true IsMainWorldOnly:false
 |   |   |- Guid:91E5B0D1425F0DCF49DFA49F85EC295A NativeClass:/Script/Landscape.LandscapeStreamingProxy Name:LandscapeStreamingProxy_6BMQW77DBUC6AMXW76JY2B1BD_30_2_1_0 Label:LandscapeStreamingProxy_2_1_0 SpatiallyLoaded:true EditorBounds:IsValid=true, Min=(X=0.000 Y=-3000.000 Z=-1274.219), Max=(X=3000.000 Y=0.000 Z=719.531) RuntimeBounds:IsValid=true, Min=(X=0.000 Y=-3000.000 Z=-1274.219), Max=(X=3000.000 Y=0.000 Z=719.531) RuntimeGrid:None EditorOnly:false RuntimeOnly:false HLODRelevant:true ListedInSceneOutliner:true IsMainWorldOnly:false
 |   |   |- Guid:A4B792504D0E5260ABA67FA31F3F3F13 NativeClass:/Script/NavigationSystem.RecastNavMesh Name:RecastNavMesh_UAID_10FFE0332885A19502-Default Label:RecastNavMesh-Default SpatiallyLoaded:false EditorBounds:IsValid=true, Min=(X=0.000 Y=0.000 Z=0.000), Max=(X=0.000 Y=0.000 Z=0.000) RuntimeBounds:IsValid=true, Min=(X=0.000 Y=0.000 Z=0.000), Max=(X=0.000 Y=0.000 Z=0.000) RuntimeGrid:None EditorOnly:false RuntimeOnly:false HLODRelevant:false ListedInSceneOutliner:true IsMainWorldOnly:false
 |   |   |- Guid:A9C8A115495C66CC070C7F982EBE812A NativeClass:/Script/Landscape.LandscapeStreamingProxy Name:LandscapeStreamingProxy_6BMQW77DBUC6AMXW76JY2B1BD_30_1_3_0 Label:LandscapeStreamingProxy_1_3_0 SpatiallyLoaded:true EditorBounds:IsValid=true, Min=(X=-3000.000 Y=3000.000 Z=-1368.750), Max=(X=0.000 Y=6000.000 Z=3319.531) RuntimeBounds:IsValid=true, Min=(X=-3000.000 Y=3000.000 Z=-1368.750), Max=(X=0.000 Y=6000.000 Z=3319.531) RuntimeGrid:None EditorOnly:false RuntimeOnly:false HLODRelevant:true ListedInSceneOutliner:true IsMainWorldOnly:false
 |   |   |- Guid:AA3919994938AC906D37FC96982F2329 NativeClass:/Script/Landscape.LandscapeStreamingProxy Name:LandscapeStreamingProxy_6BMQW77DBUC6AMXW76JY2B1BD_30_0_1_0 Label:LandscapeStreamingProxy_0_1_0 SpatiallyLoaded:true EditorBounds:IsValid=true, Min=(X=-6000.000 Y=-3000.000 Z=0.000), Max=(X=-3000.000 Y=0.000 Z=2139.844) RuntimeBounds:IsValid=true, Min=(X=-6000.000 Y=-3000.000 Z=0.000), Max=(X=-3000.000 Y=0.000 Z=2139.844) RuntimeGrid:None EditorOnly:false RuntimeOnly:false HLODRelevant:true ListedInSceneOutliner:true IsMainWorldOnly:false
 |   |   |- Guid:B4BFCE2440BD24D1E5156C87805BBD63 BaseClass:/Engine/EngineSky/BP_Sky_Sphere.BP_Sky_Sphere_C NativeClass:/Script/Engine.Actor Name:BP_Sky_Sphere_C_UAID_10FFE0332885C7B702_1326211767 Label:BP_Sky_Sphere SpatiallyLoaded:false EditorBounds:IsValid=true, Min=(X=-1641440.000 Y=-1638630.000 Z=-1637910.000), Max=(X=1635360.000 Y=1638170.000 Z=1638890.000) RuntimeBounds:IsValid=true, Min=(X=-1641440.000 Y=-1638630.000 Z=-1637910.000), Max=(X=1635360.000 Y=1638170.000 Z=1638890.000) RuntimeGrid:None EditorOnly:false RuntimeOnly:false HLODRelevant:false ListedInSceneOutliner:true IsMainWorldOnly:false FolderPath:Lighting FolderGuid:B7E9BD5B45A652654791988DEF54CCEB
 |   |   |- Guid:BF0B92AA4A2A1D27737CCF9D2C59DFEF NativeClass:/Script/Landscape.LandscapeStreamingProxy Name:LandscapeStreamingProxy_6BMQW77DBUC6AMXW76JY2B1BD_30_0_0_0 Label:LandscapeStreamingProxy_0_0_0 SpatiallyLoaded:true EditorBounds:IsValid=true, Min=(X=-6000.000 Y=-6000.000 Z=0.000), Max=(X=-3000.000 Y=-3000.000 Z=3545.312) RuntimeBounds:IsValid=true, Min=(X=-6000.000 Y=-6000.000 Z=1.562), Max=(X=-3000.000 Y=-3000.000 Z=3545.312) RuntimeGrid:None EditorOnly:false RuntimeOnly:false HLODRelevant:true ListedInSceneOutliner:true IsMainWorldOnly:false
 |   |   |- Guid:C5A593BB4D0908879E090BB06B9A5C02 NativeClass:/Script/Landscape.LandscapeStreamingProxy Name:LandscapeStreamingProxy_6BMQW77DBUC6AMXW76JY2B1BD_30_0_2_0 Label:LandscapeStreamingProxy_0_2_0 SpatiallyLoaded:true EditorBounds:IsValid=true, Min=(X=-6000.000 Y=0.000 Z=0.000), Max=(X=-3000.000 Y=3000.000 Z=2305.469) RuntimeBounds:IsValid=true, Min=(X=-6000.000 Y=0.000 Z=0.000), Max=(X=-3000.000 Y=3000.000 Z=2305.469) RuntimeGrid:None EditorOnly:false RuntimeOnly:false HLODRelevant:true ListedInSceneOutliner:true IsMainWorldOnly:false
 |   |   |- Guid:CFC9032D45AB12FFC9A8A1A4F310F205 NativeClass:/Script/Water.WaterZone Name:WaterZone_UAID_10FFE0332885C9B702_1288702120 Label:WaterZone SpatiallyLoaded:false EditorBounds:IsValid=true, Min=(X=-6000.000 Y=-6000.000 Z=-6000.000), Max=(X=6000.000 Y=6000.000 Z=6000.000) RuntimeBounds:IsValid=true, Min=(X=-6000.000 Y=-6000.000 Z=-6000.000), Max=(X=6000.000 Y=6000.000 Z=6000.000) RuntimeGrid:None EditorOnly:false RuntimeOnly:false HLODRelevant:false ListedInSceneOutliner:true IsMainWorldOnly:false
 |   |   |- Guid:E138BE404B7FDA80EE835FA96162E71A NativeClass:/Script/Landscape.LandscapeStreamingProxy Name:LandscapeStreamingProxy_6BMQW77DBUC6AMXW76JY2B1BD_30_1_2_0 Label:LandscapeStreamingProxy_1_2_0 SpatiallyLoaded:true EditorBounds:IsValid=true, Min=(X=-3000.000 Y=0.000 Z=-1263.281), Max=(X=0.000 Y=3000.000 Z=259.375) RuntimeBounds:IsValid=true, Min=(X=-3000.000 Y=0.000 Z=-1263.281), Max=(X=0.000 Y=3000.000 Z=259.375) RuntimeGrid:None EditorOnly:false RuntimeOnly:false HLODRelevant:true ListedInSceneOutliner:true IsMainWorldOnly:false
 |   |   |- Guid:E20C10714E95FB8B3B6F01A965FF0B2D NativeClass:/Script/Engine.SkyAtmosphere Name:SkyAtmosphere_UAID_10FFE03328859FB502_1137757617 Label:SkyAtmosphere SpatiallyLoaded:false EditorBounds:IsValid=true, Min=(X=-128.000 Y=-128.000 Z=-128.000), Max=(X=240.000 Y=128.000 Z=128.000) RuntimeBounds:IsValid=true, Min=(X=0.000 Y=0.000 Z=0.000), Max=(X=0.000 Y=0.000 Z=0.000) RuntimeGrid:None EditorOnly:false RuntimeOnly:false HLODRelevant:false ListedInSceneOutliner:true IsMainWorldOnly:false FolderPath:Lighting FolderGuid:B7E9BD5B45A652654791988DEF54CCEB
 |   |   |- Guid:EFDE700044A2CA5F1A24E197FA67C42A NativeClass:/Script/Landscape.LandscapeStreamingProxy Name:LandscapeStreamingProxy_6BMQW77DBUC6AMXW76JY2B1BD_30_3_3_0 Label:LandscapeStreamingProxy_3_3_0 SpatiallyLoaded:true EditorBounds:IsValid=true, Min=(X=3000.000 Y=3000.000 Z=0.000), Max=(X=6000.000 Y=6000.000 Z=3041.406) RuntimeBounds:IsValid=true, Min=(X=3000.000 Y=3000.000 Z=127.344), Max=(X=6000.000 Y=6000.000 Z=3041.406) RuntimeGrid:None EditorOnly:false RuntimeOnly:false HLODRelevant:true ListedInSceneOutliner:true IsMainWorldOnly:false
 |   |   |- Guid:F0417B144E50B96661E4C4A806382E55 BaseClass:/Game/level/WaterBodyRiver_Blueprint.WaterBodyRiver_Blueprint_C NativeClass:/Script/Water.WaterBodyRiver Name:WaterBodyRiver_Blueprint_C_UAID_10FFE03328853BCC02_1603122303 Label:WaterBodyRiver_Blueprint SpatiallyLoaded:true EditorBounds:IsValid=true, Min=(X=-2360.730 Y=-5264.451 Z=-1420.000), Max=(X=2753.347 Y=5080.792 Z=30.000) RuntimeBounds:IsValid=true, Min=(X=-2360.730 Y=-5264.451 Z=-1420.000), Max=(X=2753.347 Y=5080.792 Z=30.000) RuntimeGrid:None EditorOnly:false RuntimeOnly:false HLODRelevant:true ListedInSceneOutliner:true IsMainWorldOnly:false
 |   |   |- Guid:F9A766154477B21749C1368EFE78D999 NativeClass:/Script/Landscape.LandscapeStreamingProxy Name:LandscapeStreamingProxy_6BMQW77DBUC6AMXW76JY2B1BD_30_2_3_0 Label:LandscapeStreamingProxy_2_3_0 SpatiallyLoaded:true EditorBounds:IsValid=true, Min=(X=0.000 Y=3000.000 Z=-1367.188), Max=(X=3000.000 Y=6000.000 Z=3474.219) RuntimeBounds:IsValid=true, Min=(X=0.000 Y=3000.000 Z=-1367.188), Max=(X=3000.000 Y=6000.000 Z=3474.219) RuntimeGrid:None EditorOnly:false RuntimeOnly:false HLODRelevant:true ListedInSceneOutliner:true IsMainWorldOnly:false
 |   |- [+] Clusters:
 |   |   |- [+] [  0]
 |   |   |   |- Guid:18D71A7A49627452C28101A69B5DC491 NativeClass:/Script/Landscape.LandscapeStreamingProxy Name:LandscapeStreamingProxy_6BMQW77DBUC6AMXW76JY2B1BD_30_3_0_0 Label:LandscapeStreamingProxy_3_0_0 SpatiallyLoaded:true EditorBounds:IsValid=true, Min=(X=3000.000 Y=-6000.000 Z=0.000), Max=(X=6000.000 Y=-3000.000 Z=4011.719) RuntimeBounds:IsValid=true, Min=(X=3000.000 Y=-6000.000 Z=50.781), Max=(X=6000.000 Y=-3000.000 Z=4011.719) RuntimeGrid:None EditorOnly:false RuntimeOnly:false HLODRelevant:true ListedInSceneOutliner:true IsMainWorldOnly:false
 |   |   |- [+] [  1]
 |   |   |   |- Guid:1B409F5A4447FD28D33FD5A0E5EDA6C5 NativeClass:/Script/Engine.ExponentialHeightFog Name:ExponentialHeightFog_UAID_10FFE03328859FB502_1137759619 Label:ExponentialHeightFog SpatiallyLoaded:false EditorBounds:IsValid=true, Min=(X=-5728.000 Y=-178.000 Z=-6978.000), Max=(X=-5472.000 Y=78.000 Z=-6722.000) RuntimeBounds:IsValid=true, Min=(X=-5600.000 Y=-50.000 Z=-6850.000), Max=(X=-5600.000 Y=-50.000 Z=-6850.000) RuntimeGrid:None EditorOnly:false RuntimeOnly:false HLODRelevant:false ListedInSceneOutliner:true IsMainWorldOnly:false FolderPath:Lighting FolderGuid:B7E9BD5B45A652654791988DEF54CCEB
 |   |   |- [+] [  2]
 |   |   |   |- Guid:1CA0C11F49BDE13A00F1ACB2C40DED1E NativeClass:/Script/NavigationSystem.NavMeshBoundsVolume Name:NavMeshBoundsVolume_UAID_10FFE0332885A19502_2092848175 Label:NavMeshBoundsVolume SpatiallyLoaded:false EditorBounds:IsValid=true, Min=(X=3740.564 Y=-2240.225 Z=-21.551), Max=(X=4780.585 Y=2197.064 Z=278.449) RuntimeBounds:IsValid=true, Min=(X=3740.564 Y=-2240.225 Z=-21.551), Max=(X=4780.585 Y=2197.064 Z=278.449) RuntimeGrid:None EditorOnly:false RuntimeOnly:false HLODRelevant:false ListedInSceneOutliner:true IsMainWorldOnly:false
 |   |   |- [+] [  3]
 |   |   |   |- Guid:22D4ED7B409140A0FD5677A1F5A0E0A1 NativeClass:/Script/Engine.SkyLight Name:SkyLight_UAID_10FFE03328859FB502_1137758618 Label:SkyLight SpatiallyLoaded:false EditorBounds:IsValid=true, Min=(X=-1.000 Y=-1.000 Z=-1.000), Max=(X=1.000 Y=1.000 Z=1.000) RuntimeBounds:IsValid=true, Min=(X=0.000 Y=0.000 Z=0.000), Max=(X=0.000 Y=0.000 Z=0.000) RuntimeGrid:None EditorOnly:false RuntimeOnly:false HLODRelevant:false ListedInSceneOutliner:true IsMainWorldOnly:false FolderPath:Lighting FolderGuid:B7E9BD5B45A652654791988DEF54CCEB
 |   |   |- [+] [  4]
 |   |   |   |- Guid:2A205C194207002E0BDB209F352C7D6F NativeClass:/Script/WaterEditor.WaterBrushManager Name:Landscape2_WaterBrushManager_0 Label:Landscape2_WaterBrushManager SpatiallyLoaded:false EditorBounds:IsValid=true, Min=(X=-650.000 Y=-650.000 Z=656.500), Max=(X=1350.000 Y=1350.000 Z=51000.000) RuntimeBounds:IsValid=true, Min=(X=0.000 Y=0.000 Z=837.500), Max=(X=350.000 Y=350.000 Z=50000.000) RuntimeGrid:None EditorOnly:false RuntimeOnly:false HLODRelevant:false ListedInSceneOutliner:true IsMainWorldOnly:false
 |   |   |- [+] [  5]
 |   |   |   |- Guid:37A9F36049AEE08C801C2F98FA8D9AD9 NativeClass:/Script/Landscape.LandscapeStreamingProxy Name:LandscapeStreamingProxy_6BMQW77DBUC6AMXW76JY2B1BD_30_1_1_0 Label:LandscapeStreamingProxy_1_1_0 SpatiallyLoaded:true EditorBounds:IsValid=true, Min=(X=-3000.000 Y=-3000.000 Z=-1142.969), Max=(X=0.000 Y=0.000 Z=52.344) RuntimeBounds:IsValid=true, Min=(X=-3000.000 Y=-3000.000 Z=-1142.969), Max=(X=0.000 Y=0.000 Z=52.344) RuntimeGrid:None EditorOnly:false RuntimeOnly:false HLODRelevant:true ListedInSceneOutliner:true IsMainWorldOnly:false
 |   |   |- [+] [  6]
 |   |   |   |- Guid:3C3865934384999873FC8C8716BE86CC NativeClass:/Script/Engine.PlayerStart Name:PlayerStart_UAID_10FFE0332885598102_1234367383 Label:PlayerStart SpatiallyLoaded:false EditorBounds:IsValid=true, Min=(X=-1438.000 Y=242.000 Z=-36.096), Max=(X=-1070.000 Y=498.000 Z=219.904) RuntimeBounds:IsValid=true, Min=(X=-1350.000 Y=330.000 Z=-0.096), Max=(X=-1270.000 Y=410.000 Z=183.904) RuntimeGrid:None EditorOnly:false RuntimeOnly:false HLODRelevant:false ListedInSceneOutliner:true IsMainWorldOnly:false
 |   |   |- [+] [  7]
 |   |   |   |- Guid:3EE3383A4C8FD03E2F6CFA93ED5D5B91 NativeClass:/Script/Engine.DirectionalLight Name:DirectionalLight_UAID_10FFE03328859FB502_1137754615 Label:DirectionalLight SpatiallyLoaded:false EditorBounds:IsValid=false, Min=(X=0.000 Y=0.000 Z=0.000), Max=(X=0.000 Y=0.000 Z=0.000) RuntimeBounds:IsValid=false, Min=(X=0.000 Y=0.000 Z=0.000), Max=(X=0.000 Y=0.000 Z=0.000) RuntimeGrid:None EditorOnly:false RuntimeOnly:false HLODRelevant:false ListedInSceneOutliner:true IsMainWorldOnly:true FolderPath:Lighting FolderGuid:B7E9BD5B45A652654791988DEF54CCEB
 |   |   |   |- Guid:B4BFCE2440BD24D1E5156C87805BBD63 BaseClass:/Engine/EngineSky/BP_Sky_Sphere.BP_Sky_Sphere_C NativeClass:/Script/Engine.Actor Name:BP_Sky_Sphere_C_UAID_10FFE0332885C7B702_1326211767 Label:BP_Sky_Sphere SpatiallyLoaded:false EditorBounds:IsValid=true, Min=(X=-1641440.000 Y=-1638630.000 Z=-1637910.000), Max=(X=1635360.000 Y=1638170.000 Z=1638890.000) RuntimeBounds:IsValid=true, Min=(X=-1641440.000 Y=-1638630.000 Z=-1637910.000), Max=(X=1635360.000 Y=1638170.000 Z=1638890.000) RuntimeGrid:None EditorOnly:false RuntimeOnly:false HLODRelevant:false ListedInSceneOutliner:true IsMainWorldOnly:false FolderPath:Lighting FolderGuid:B7E9BD5B45A652654791988DEF54CCEB
 |   |   |- [+] [  8]
 |   |   |   |- Guid:3FDB264D43F7941F2E7842A790E4578B NativeClass:/Script/Landscape.LandscapeStreamingProxy Name:LandscapeStreamingProxy_6BMQW77DBUC6AMXW76JY2B1BD_30_1_0_0 Label:LandscapeStreamingProxy_1_0_0 SpatiallyLoaded:true EditorBounds:IsValid=true, Min=(X=-3000.000 Y=-6000.000 Z=-1289.062), Max=(X=0.000 Y=-3000.000 Z=2121.875) RuntimeBounds:IsValid=true, Min=(X=-3000.000 Y=-6000.000 Z=-1289.062), Max=(X=0.000 Y=-3000.000 Z=2121.875) RuntimeGrid:None EditorOnly:false RuntimeOnly:false HLODRelevant:true ListedInSceneOutliner:true IsMainWorldOnly:false
 |   |   |- [+] [  9]
 |   |   |   |- Guid:5368FABB47D6D9580DAECA8B0417BF92 NativeClass:/Script/Engine.WorldDataLayers Name:WorldDataLayers Label:WorldDataLayers-1 SpatiallyLoaded:false EditorBounds:IsValid=false, Min=(X=0.000 Y=0.000 Z=0.000), Max=(X=0.000 Y=0.000 Z=0.000) RuntimeBounds:IsValid=false, Min=(X=0.000 Y=0.000 Z=0.000), Max=(X=0.000 Y=0.000 Z=0.000) RuntimeGrid:None EditorOnly:false RuntimeOnly:false HLODRelevant:false ListedInSceneOutliner:true IsMainWorldOnly:true
 |   |   |- [+] [ 10]
 |   |   |   |- Guid:5CD735F648367D2CF4A18CA7997C6562 NativeClass:/Script/Landscape.LandscapeStreamingProxy Name:LandscapeStreamingProxy_6BMQW77DBUC6AMXW76JY2B1BD_30_0_3_0 Label:LandscapeStreamingProxy_0_3_0 SpatiallyLoaded:true EditorBounds:IsValid=true, Min=(X=-6000.000 Y=3000.000 Z=0.000), Max=(X=-3000.000 Y=6000.000 Z=3315.625) RuntimeBounds:IsValid=true, Min=(X=-6000.000 Y=3000.000 Z=32.031), Max=(X=-3000.000 Y=6000.000 Z=3315.625) RuntimeGrid:None EditorOnly:false RuntimeOnly:false HLODRelevant:true ListedInSceneOutliner:true IsMainWorldOnly:false
 |   |   |- [+] [ 11]
 |   |   |   |- Guid:5DA66E3C40A657C4A4F6B4828A06897F NativeClass:/Script/Landscape.LandscapeStreamingProxy Name:LandscapeStreamingProxy_6BMQW77DBUC6AMXW76JY2B1BD_30_3_1_0 Label:LandscapeStreamingProxy_3_1_0 SpatiallyLoaded:true EditorBounds:IsValid=true, Min=(X=3000.000 Y=-3000.000 Z=-100.000), Max=(X=6000.000 Y=0.000 Z=1389.062) RuntimeBounds:IsValid=true, Min=(X=3000.000 Y=-3000.000 Z=-100.000), Max=(X=6000.000 Y=0.000 Z=1389.062) RuntimeGrid:None EditorOnly:false RuntimeOnly:false HLODRelevant:true ListedInSceneOutliner:true IsMainWorldOnly:false
 |   |   |- [+] [ 12]
 |   |   |   |- Guid:5EE02591470127ACB6BDE08998671F2A NativeClass:/Script/Landscape.LandscapeStreamingProxy Name:LandscapeStreamingProxy_6BMQW77DBUC6AMXW76JY2B1BD_30_2_2_0 Label:LandscapeStreamingProxy_2_2_0 SpatiallyLoaded:true EditorBounds:IsValid=true, Min=(X=0.000 Y=0.000 Z=-1258.594), Max=(X=3000.000 Y=3000.000 Z=1386.719) RuntimeBounds:IsValid=true, Min=(X=0.000 Y=0.000 Z=-1258.594), Max=(X=3000.000 Y=3000.000 Z=1386.719) RuntimeGrid:None EditorOnly:false RuntimeOnly:false HLODRelevant:true ListedInSceneOutliner:true IsMainWorldOnly:false
 |   |   |- [+] [ 13]
 |   |   |   |- Guid:66B972434409D49FE30008B70AA98C69 NativeClass:/Script/Landscape.Landscape Name:Landscape_UAID_10FFE0332885F2AE02_1295167831 Label:Landscape2 SpatiallyLoaded:false EditorBounds:IsValid=true, Min=(X=-6000.000 Y=-6000.000 Z=0.000), Max=(X=-6000.000 Y=-6000.000 Z=0.000) RuntimeBounds:IsValid=true, Min=(X=-6000.000 Y=-6000.000 Z=0.000), Max=(X=-6000.000 Y=-6000.000 Z=0.000) RuntimeGrid:None EditorOnly:false RuntimeOnly:false HLODRelevant:false ListedInSceneOutliner:true IsMainWorldOnly:false
 |   |   |- [+] [ 14]
 |   |   |   |- Guid:74986C4E4C60F62C85A44AA4AFD1E3BB NativeClass:/Script/Landscape.LandscapeStreamingProxy Name:LandscapeStreamingProxy_6BMQW77DBUC6AMXW76JY2B1BD_30_2_0_0 Label:LandscapeStreamingProxy_2_0_0 SpatiallyLoaded:true EditorBounds:IsValid=true, Min=(X=0.000 Y=-6000.000 Z=-1293.750), Max=(X=3000.000 Y=-3000.000 Z=2184.375) RuntimeBounds:IsValid=true, Min=(X=0.000 Y=-6000.000 Z=-1293.750), Max=(X=3000.000 Y=-3000.000 Z=2184.375) RuntimeGrid:None EditorOnly:false RuntimeOnly:false HLODRelevant:true ListedInSceneOutliner:true IsMainWorldOnly:false
 |   |   |- [+] [ 15]
 |   |   |   |- Guid:85890D404084D8A9460576920AA2C989 NativeClass:/Script/Engine.VolumetricCloud Name:VolumetricCloud_UAID_10FFE03328859FB502_1137760620 Label:VolumetricCloud SpatiallyLoaded:false EditorBounds:IsValid=true, Min=(X=-128.000 Y=-128.000 Z=-128.000), Max=(X=128.000 Y=128.000 Z=128.000) RuntimeBounds:IsValid=true, Min=(X=0.000 Y=0.000 Z=0.000), Max=(X=0.000 Y=0.000 Z=0.000) RuntimeGrid:None EditorOnly:false RuntimeOnly:false HLODRelevant:false ListedInSceneOutliner:true IsMainWorldOnly:false FolderPath:Lighting FolderGuid:B7E9BD5B45A652654791988DEF54CCEB
 |   |   |- [+] [ 16]
 |   |   |   |- Guid:8A1691EC4F022AFF30668E8128664CA4 NativeClass:/Script/Landscape.LandscapeStreamingProxy Name:LandscapeStreamingProxy_6BMQW77DBUC6AMXW76JY2B1BD_30_3_2_0 Label:LandscapeStreamingProxy_3_2_0 SpatiallyLoaded:true EditorBounds:IsValid=true, Min=(X=3000.000 Y=0.000 Z=-68.750), Max=(X=6000.000 Y=3000.000 Z=1078.906) RuntimeBounds:IsValid=true, Min=(X=3000.000 Y=0.000 Z=-68.750), Max=(X=6000.000 Y=3000.000 Z=1078.906) RuntimeGrid:None EditorOnly:false RuntimeOnly:false HLODRelevant:true ListedInSceneOutliner:true IsMainWorldOnly:false
 |   |   |- [+] [ 17]
 |   |   |   |- Guid:91E5B0D1425F0DCF49DFA49F85EC295A NativeClass:/Script/Landscape.LandscapeStreamingProxy Name:LandscapeStreamingProxy_6BMQW77DBUC6AMXW76JY2B1BD_30_2_1_0 Label:LandscapeStreamingProxy_2_1_0 SpatiallyLoaded:true EditorBounds:IsValid=true, Min=(X=0.000 Y=-3000.000 Z=-1274.219), Max=(X=3000.000 Y=0.000 Z=719.531) RuntimeBounds:IsValid=true, Min=(X=0.000 Y=-3000.000 Z=-1274.219), Max=(X=3000.000 Y=0.000 Z=719.531) RuntimeGrid:None EditorOnly:false RuntimeOnly:false HLODRelevant:true ListedInSceneOutliner:true IsMainWorldOnly:false
 |   |   |- [+] [ 18]
 |   |   |   |- Guid:A4B792504D0E5260ABA67FA31F3F3F13 NativeClass:/Script/NavigationSystem.RecastNavMesh Name:RecastNavMesh_UAID_10FFE0332885A19502-Default Label:RecastNavMesh-Default SpatiallyLoaded:false EditorBounds:IsValid=true, Min=(X=0.000 Y=0.000 Z=0.000), Max=(X=0.000 Y=0.000 Z=0.000) RuntimeBounds:IsValid=true, Min=(X=0.000 Y=0.000 Z=0.000), Max=(X=0.000 Y=0.000 Z=0.000) RuntimeGrid:None EditorOnly:false RuntimeOnly:false HLODRelevant:false ListedInSceneOutliner:true IsMainWorldOnly:false
 |   |   |- [+] [ 19]
 |   |   |   |- Guid:A9C8A115495C66CC070C7F982EBE812A NativeClass:/Script/Landscape.LandscapeStreamingProxy Name:LandscapeStreamingProxy_6BMQW77DBUC6AMXW76JY2B1BD_30_1_3_0 Label:LandscapeStreamingProxy_1_3_0 SpatiallyLoaded:true EditorBounds:IsValid=true, Min=(X=-3000.000 Y=3000.000 Z=-1368.750), Max=(X=0.000 Y=6000.000 Z=3319.531) RuntimeBounds:IsValid=true, Min=(X=-3000.000 Y=3000.000 Z=-1368.750), Max=(X=0.000 Y=6000.000 Z=3319.531) RuntimeGrid:None EditorOnly:false RuntimeOnly:false HLODRelevant:true ListedInSceneOutliner:true IsMainWorldOnly:false
 |   |   |- [+] [ 20]
 |   |   |   |- Guid:AA3919994938AC906D37FC96982F2329 NativeClass:/Script/Landscape.LandscapeStreamingProxy Name:LandscapeStreamingProxy_6BMQW77DBUC6AMXW76JY2B1BD_30_0_1_0 Label:LandscapeStreamingProxy_0_1_0 SpatiallyLoaded:true EditorBounds:IsValid=true, Min=(X=-6000.000 Y=-3000.000 Z=0.000), Max=(X=-3000.000 Y=0.000 Z=2139.844) RuntimeBounds:IsValid=true, Min=(X=-6000.000 Y=-3000.000 Z=0.000), Max=(X=-3000.000 Y=0.000 Z=2139.844) RuntimeGrid:None EditorOnly:false RuntimeOnly:false HLODRelevant:true ListedInSceneOutliner:true IsMainWorldOnly:false
 |   |   |- [+] [ 21]
 |   |   |   |- Guid:BF0B92AA4A2A1D27737CCF9D2C59DFEF NativeClass:/Script/Landscape.LandscapeStreamingProxy Name:LandscapeStreamingProxy_6BMQW77DBUC6AMXW76JY2B1BD_30_0_0_0 Label:LandscapeStreamingProxy_0_0_0 SpatiallyLoaded:true EditorBounds:IsValid=true, Min=(X=-6000.000 Y=-6000.000 Z=0.000), Max=(X=-3000.000 Y=-3000.000 Z=3545.312) RuntimeBounds:IsValid=true, Min=(X=-6000.000 Y=-6000.000 Z=1.562), Max=(X=-3000.000 Y=-3000.000 Z=3545.312) RuntimeGrid:None EditorOnly:false RuntimeOnly:false HLODRelevant:true ListedInSceneOutliner:true IsMainWorldOnly:false
 |   |   |- [+] [ 22]
 |   |   |   |- Guid:C5A593BB4D0908879E090BB06B9A5C02 NativeClass:/Script/Landscape.LandscapeStreamingProxy Name:LandscapeStreamingProxy_6BMQW77DBUC6AMXW76JY2B1BD_30_0_2_0 Label:LandscapeStreamingProxy_0_2_0 SpatiallyLoaded:true EditorBounds:IsValid=true, Min=(X=-6000.000 Y=0.000 Z=0.000), Max=(X=-3000.000 Y=3000.000 Z=2305.469) RuntimeBounds:IsValid=true, Min=(X=-6000.000 Y=0.000 Z=0.000), Max=(X=-3000.000 Y=3000.000 Z=2305.469) RuntimeGrid:None EditorOnly:false RuntimeOnly:false HLODRelevant:true ListedInSceneOutliner:true IsMainWorldOnly:false
 |   |   |- [+] [ 23]
 |   |   |   |- Guid:CFC9032D45AB12FFC9A8A1A4F310F205 NativeClass:/Script/Water.WaterZone Name:WaterZone_UAID_10FFE0332885C9B702_1288702120 Label:WaterZone SpatiallyLoaded:false EditorBounds:IsValid=true, Min=(X=-6000.000 Y=-6000.000 Z=-6000.000), Max=(X=6000.000 Y=6000.000 Z=6000.000) RuntimeBounds:IsValid=true, Min=(X=-6000.000 Y=-6000.000 Z=-6000.000), Max=(X=6000.000 Y=6000.000 Z=6000.000) RuntimeGrid:None EditorOnly:false RuntimeOnly:false HLODRelevant:false ListedInSceneOutliner:true IsMainWorldOnly:false
 |   |   |- [+] [ 24]
 |   |   |   |- Guid:E138BE404B7FDA80EE835FA96162E71A NativeClass:/Script/Landscape.LandscapeStreamingProxy Name:LandscapeStreamingProxy_6BMQW77DBUC6AMXW76JY2B1BD_30_1_2_0 Label:LandscapeStreamingProxy_1_2_0 SpatiallyLoaded:true EditorBounds:IsValid=true, Min=(X=-3000.000 Y=0.000 Z=-1263.281), Max=(X=0.000 Y=3000.000 Z=259.375) RuntimeBounds:IsValid=true, Min=(X=-3000.000 Y=0.000 Z=-1263.281), Max=(X=0.000 Y=3000.000 Z=259.375) RuntimeGrid:None EditorOnly:false RuntimeOnly:false HLODRelevant:true ListedInSceneOutliner:true IsMainWorldOnly:false
 |   |   |- [+] [ 25]
 |   |   |   |- Guid:E20C10714E95FB8B3B6F01A965FF0B2D NativeClass:/Script/Engine.SkyAtmosphere Name:SkyAtmosphere_UAID_10FFE03328859FB502_1137757617 Label:SkyAtmosphere SpatiallyLoaded:false EditorBounds:IsValid=true, Min=(X=-128.000 Y=-128.000 Z=-128.000), Max=(X=240.000 Y=128.000 Z=128.000) RuntimeBounds:IsValid=true, Min=(X=0.000 Y=0.000 Z=0.000), Max=(X=0.000 Y=0.000 Z=0.000) RuntimeGrid:None EditorOnly:false RuntimeOnly:false HLODRelevant:false ListedInSceneOutliner:true IsMainWorldOnly:false FolderPath:Lighting FolderGuid:B7E9BD5B45A652654791988DEF54CCEB
 |   |   |- [+] [ 26]
 |   |   |   |- Guid:EFDE700044A2CA5F1A24E197FA67C42A NativeClass:/Script/Landscape.LandscapeStreamingProxy Name:LandscapeStreamingProxy_6BMQW77DBUC6AMXW76JY2B1BD_30_3_3_0 Label:LandscapeStreamingProxy_3_3_0 SpatiallyLoaded:true EditorBounds:IsValid=true, Min=(X=3000.000 Y=3000.000 Z=0.000), Max=(X=6000.000 Y=6000.000 Z=3041.406) RuntimeBounds:IsValid=true, Min=(X=3000.000 Y=3000.000 Z=127.344), Max=(X=6000.000 Y=6000.000 Z=3041.406) RuntimeGrid:None EditorOnly:false RuntimeOnly:false HLODRelevant:true ListedInSceneOutliner:true IsMainWorldOnly:false
 |   |   |- [+] [ 27]
 |   |   |   |- Guid:F0417B144E50B96661E4C4A806382E55 BaseClass:/Game/level/WaterBodyRiver_Blueprint.WaterBodyRiver_Blueprint_C NativeClass:/Script/Water.WaterBodyRiver Name:WaterBodyRiver_Blueprint_C_UAID_10FFE03328853BCC02_1603122303 Label:WaterBodyRiver_Blueprint SpatiallyLoaded:true EditorBounds:IsValid=true, Min=(X=-2360.730 Y=-5264.451 Z=-1420.000), Max=(X=2753.347 Y=5080.792 Z=30.000) RuntimeBounds:IsValid=true, Min=(X=-2360.730 Y=-5264.451 Z=-1420.000), Max=(X=2753.347 Y=5080.792 Z=30.000) RuntimeGrid:None EditorOnly:false RuntimeOnly:false HLODRelevant:true ListedInSceneOutliner:true IsMainWorldOnly:false
 |   |   |- [+] [ 28]
 |   |   |   |- Guid:F9A766154477B21749C1368EFE78D999 NativeClass:/Script/Landscape.LandscapeStreamingProxy Name:LandscapeStreamingProxy_6BMQW77DBUC6AMXW76JY2B1BD_30_2_3_0 Label:LandscapeStreamingProxy_2_3_0 SpatiallyLoaded:true EditorBounds:IsValid=true, Min=(X=0.000 Y=3000.000 Z=-1367.188), Max=(X=3000.000 Y=6000.000 Z=3474.219) RuntimeBounds:IsValid=true, Min=(X=0.000 Y=3000.000 Z=-1367.188), Max=(X=3000.000 Y=6000.000 Z=3474.219) RuntimeGrid:None EditorOnly:false RuntimeOnly:false HLODRelevant:true ListedInSceneOutliner:true IsMainWorldOnly:false
 |- ContainerInstances:
 |- [+] MainContainer:
 |   |-        ID: 00000000000000000000000000000000
 |   |-  ParentID: 00000000000000000000000000000000
 |   |-    Bounds: IsValid=true, Min=(X=-6000.000 Y=-6000.000 Z=-1420.000), Max=(X=6000.000 Y=6000.000 Z=4011.719)
 |   |- Transform: 0.000000,0.000000,0.000000|0.000000,0.000000,-0.000000|1.000000,1.000000,1.000000
 |   |- Container: /Game/level/MainMenu_
----------------------------------------------------------------------------------------------------------------
MainMenu_ - Persistent Level
----------------------------------------------------------------------------------------------------------------
[+] Content of MainMenu_ Persistent Level
 |- Always loaded Actor Count: 13 
 |- Actor Path: /Game/level/MainMenu_.MainMenu_:PersistentLevel.BP_Sky_Sphere_C_UAID_10FFE0332885C7B702_1326211767
 |- Actor Package: /Game/__ExternalActors__/level/MainMenu_/1/Q9/I3Q2Q5V9PNNH7JPY0P2GFL
 |- Actor Path: /Game/level/MainMenu_.MainMenu_:PersistentLevel.DirectionalLight_UAID_10FFE03328859FB502_1137754615
 |- Actor Package: /Game/__ExternalActors__/level/MainMenu_/9/PO/CXJIWXG1Y47UV1DJJ5AKIH
 |- Actor Path: /Game/level/MainMenu_.MainMenu_:PersistentLevel.ExponentialHeightFog_UAID_10FFE03328859FB502_1137759619
 |- Actor Package: /Game/__ExternalActors__/level/MainMenu_/3/I2/ZV0F4A8V51K8E2H8AD7G0C
 |- Actor Path: /Game/level/MainMenu_.MainMenu_:PersistentLevel.Landscape2_WaterBrushManager_0
 |- Actor Package: /Game/__ExternalActors__/level/MainMenu_/6/G2/392J7WPQ925D7S4RPK0R6K
 |- Actor Path: /Game/level/MainMenu_.MainMenu_:PersistentLevel.Landscape_UAID_10FFE0332885F2AE02_1295167831
 |- Actor Package: /Game/__ExternalActors__/level/MainMenu_/A/DW/Z6K27GST575N7A60ITCJU1
 |- Actor Path: /Game/level/MainMenu_.MainMenu_:PersistentLevel.NavMeshBoundsVolume_UAID_10FFE0332885A19502_2092848175
 |- Actor Package: /Game/__ExternalActors__/level/MainMenu_/E/A8/HLN0N19T4P9TWUCDNBDIED
 |- Actor Path: /Game/level/MainMenu_.MainMenu_:PersistentLevel.PlayerStart_UAID_10FFE0332885598102_1234367383
 |- Actor Package: /Game/__ExternalActors__/level/MainMenu_/E/JN/M68ZUPJVY03BTHGJKVIBBM
 |- Actor Path: /Game/level/MainMenu_.MainMenu_:PersistentLevel.RecastNavMesh_UAID_10FFE0332885A19502-Default
 |- Actor Package: /Game/__ExternalActors__/level/MainMenu_/4/EW/PQ5HROT359KSTX2R77S129
 |- Actor Path: /Game/level/MainMenu_.MainMenu_:PersistentLevel.SkyAtmosphere_UAID_10FFE03328859FB502_1137757617
 |- Actor Package: /Game/__ExternalActors__/level/MainMenu_/B/XI/XOZZGY7KEYG7I0Z9G0SYTF
 |- Actor Path: /Game/level/MainMenu_.MainMenu_:PersistentLevel.SkyLight_UAID_10FFE03328859FB502_1137758618
 |- Actor Package: /Game/__ExternalActors__/level/MainMenu_/9/4L/YSOUKGV20WPA4OL05ZBY4P
 |- Actor Path: /Game/level/MainMenu_.MainMenu_:PersistentLevel.VolumetricCloud_UAID_10FFE03328859FB502_1137760620
 |- Actor Package: /Game/__ExternalActors__/level/MainMenu_/0/CD/DTEUGEV5F07IGWLCPYLPUO
 |- Actor Path: /Game/level/MainMenu_.MainMenu_:PersistentLevel.WaterZone_UAID_10FFE0332885C9B702_1288702120
 |- Actor Package: /Game/__ExternalActors__/level/MainMenu_/A/XR/YS0U9QGD7I00UN9VFE53E0
 |- Actor Path: /Game/level/MainMenu_.MainMenu_:PersistentLevel.WorldDataLayers
 |- Actor Package: /Game/__ExternalActors__/level/MainMenu_/8/EK/M57IMNU3ZHQGQUJ3PF2CKV

----------------------------------------------------------------------------------------------------------------
MainMenu_ - Runtime Hash Set
----------------------------------------------------------------------------------------------------------------
[+] Content of Cell MainMenu__MainGrid_L0_X-1_Y0_Z-1 (1JV4G2BBGHIGBSIPQZ9M31VK3)
 |- Actor Count: 1
 |- Content Bounds: IsValid=true, Min=(X=-3000.000 Y=0.000 Z=-1263.281), Max=(X=0.000 Y=3000.000 Z=0.000)
 |- Cell Bounds: IsValid=true, Min=(X=-25200.000 Y=0.000 Z=-25200.000), Max=(X=0.000 Y=25200.000 Z=0.000)
 |- Is 2D: False
 |- [+] /Game/level/MainMenu_.MainMenu_:PersistentLevel.LandscapeStreamingProxy_6BMQW77DBUC6AMXW76JY2B1BD_30_1_2_0
 |   |-         Package: /Game/__ExternalActors__/level/MainMenu_/6/9Q/VGW9RWZWCB4W0O0MR7UJBC
 |   |-     Editor Only: 0
 |   |-   Instance Guid: E138BE404B7FDA80EE835FA96162E71A
 |   |- [+] Container:
 |   |   |-        ID: 00000000000000000000000000000000
 |   |   |- Transform: 0.000000,0.000000,0.000000|0.000000,0.000000,-0.000000|1.000000,1.000000,1.000000
[+] Content of Cell MainMenu__MainGrid_L0_X-1_Y0_Z0 (2W3N6OC4AUA5OSCNGNSP4IVDC)
 |- Actor Count: 3
 |- Content Bounds: IsValid=true, Min=(X=-6000.000 Y=0.000 Z=0.000), Max=(X=0.000 Y=6000.000 Z=3319.531)
 |- Cell Bounds: IsValid=true, Min=(X=-25200.000 Y=0.000 Z=0.000), Max=(X=0.000 Y=25200.000 Z=25200.000)
 |- Is 2D: False
 |- [+] /Game/level/MainMenu_.MainMenu_:PersistentLevel.LandscapeStreamingProxy_6BMQW77DBUC6AMXW76JY2B1BD_30_0_3_0
 |   |-         Package: /Game/__ExternalActors__/level/MainMenu_/4/XL/QU9KU1TA6QXGMAG8NT2JC3
 |   |-     Editor Only: 0
 |   |-   Instance Guid: 5CD735F648367D2CF4A18CA7997C6562
 |   |- [+] Container:
 |   |   |-        ID: 00000000000000000000000000000000
 |   |   |- Transform: 0.000000,0.000000,0.000000|0.000000,0.000000,-0.000000|1.000000,1.000000,1.000000
 |- [+] /Game/level/MainMenu_.MainMenu_:PersistentLevel.LandscapeStreamingProxy_6BMQW77DBUC6AMXW76JY2B1BD_30_1_3_0
 |   |-         Package: /Game/__ExternalActors__/level/MainMenu_/5/CU/HFO08PJ47CG8RTPI1JAD86
 |   |-     Editor Only: 0
 |   |-   Instance Guid: A9C8A115495C66CC070C7F982EBE812A
 |   |- [+] Container:
 |   |   |-        ID: 00000000000000000000000000000000
 |   |   |- Transform: 0.000000,0.000000,0.000000|0.000000,0.000000,-0.000000|1.000000,1.000000,1.000000
 |- [+] /Game/level/MainMenu_.MainMenu_:PersistentLevel.LandscapeStreamingProxy_6BMQW77DBUC6AMXW76JY2B1BD_30_0_2_0
 |   |-         Package: /Game/__ExternalActors__/level/MainMenu_/C/TI/WVV6105SFCAXSRYC026ECC
 |   |-     Editor Only: 0
 |   |-   Instance Guid: C5A593BB4D0908879E090BB06B9A5C02
 |   |- [+] Container:
 |   |   |-        ID: 00000000000000000000000000000000
 |   |   |- Transform: 0.000000,0.000000,0.000000|0.000000,0.000000,-0.000000|1.000000,1.000000,1.000000
[+] Content of Cell MainMenu__MainGrid_L0_X-1_Y-1_Z-1 (30BW9W5X671V8K20GNKFVWV5T)
 |- Actor Count: 1
 |- Content Bounds: IsValid=true, Min=(X=-3000.000 Y=-3000.000 Z=-1142.969), Max=(X=0.000 Y=0.000 Z=0.000)
 |- Cell Bounds: IsValid=true, Min=(X=-25200.000 Y=-25200.000 Z=-25200.000), Max=(X=0.000 Y=0.000 Z=0.000)
 |- Is 2D: False
 |- [+] /Game/level/MainMenu_.MainMenu_:PersistentLevel.LandscapeStreamingProxy_6BMQW77DBUC6AMXW76JY2B1BD_30_1_1_0
 |   |-         Package: /Game/__ExternalActors__/level/MainMenu_/D/5C/VKA6SVT62LZ8ZFY84U7CBY
 |   |-     Editor Only: 0
 |   |-   Instance Guid: 37A9F36049AEE08C801C2F98FA8D9AD9
 |   |- [+] Container:
 |   |   |-        ID: 00000000000000000000000000000000
 |   |   |- Transform: 0.000000,0.000000,0.000000|0.000000,0.000000,-0.000000|1.000000,1.000000,1.000000
[+] Content of Cell MainMenu__MainGrid_L0_X0_Y-1_Z0 (40GETFGSQJ2L4DZK1VMHRGE80)
 |- Actor Count: 3
 |- Content Bounds: IsValid=true, Min=(X=0.000 Y=-6000.000 Z=0.000), Max=(X=6000.000 Y=0.000 Z=4011.719)
 |- Cell Bounds: IsValid=true, Min=(X=0.000 Y=-25200.000 Z=0.000), Max=(X=25200.000 Y=0.000 Z=25200.000)
 |- Is 2D: False
 |- [+] /Game/level/MainMenu_.MainMenu_:PersistentLevel.LandscapeStreamingProxy_6BMQW77DBUC6AMXW76JY2B1BD_30_3_0_0
 |   |-         Package: /Game/__ExternalActors__/level/MainMenu_/2/Q5/8MVUVCLEGL5FQH86EVET8Z
 |   |-     Editor Only: 0
 |   |-   Instance Guid: 18D71A7A49627452C28101A69B5DC491
 |   |- [+] Container:
 |   |   |-        ID: 00000000000000000000000000000000
 |   |   |- Transform: 0.000000,0.000000,0.000000|0.000000,0.000000,-0.000000|1.000000,1.000000,1.000000
 |- [+] /Game/level/MainMenu_.MainMenu_:PersistentLevel.LandscapeStreamingProxy_6BMQW77DBUC6AMXW76JY2B1BD_30_3_1_0
 |   |-         Package: /Game/__ExternalActors__/level/MainMenu_/9/SD/XCK68BK09T83AZGPUYKE2H
 |   |-     Editor Only: 0
 |   |-   Instance Guid: 5DA66E3C40A657C4A4F6B4828A06897F
 |   |- [+] Container:
 |   |   |-        ID: 00000000000000000000000000000000
 |   |   |- Transform: 0.000000,0.000000,0.000000|0.000000,0.000000,-0.000000|1.000000,1.000000,1.000000
 |- [+] /Game/level/MainMenu_.MainMenu_:PersistentLevel.LandscapeStreamingProxy_6BMQW77DBUC6AMXW76JY2B1BD_30_2_0_0
 |   |-         Package: /Game/__ExternalActors__/level/MainMenu_/A/LE/HKF9E9DHB181ZA9DKKDZ9K
 |   |-     Editor Only: 0
 |   |-   Instance Guid: 74986C4E4C60F62C85A44AA4AFD1E3BB
 |   |- [+] Container:
 |   |   |-        ID: 00000000000000000000000000000000
 |   |   |- Transform: 0.000000,0.000000,0.000000|0.000000,0.000000,-0.000000|1.000000,1.000000,1.000000
[+] Content of Cell MainMenu__MainGrid_L0_X0_Y0_Z0 (777C4FYPW4IZKPMJIDCHKBXI0)
 |- Actor Count: 4
 |- Content Bounds: IsValid=true, Min=(X=0.000 Y=0.000 Z=0.000), Max=(X=6000.000 Y=6000.000 Z=3474.219)
 |- Cell Bounds: IsValid=true, Min=(X=0.000 Y=0.000 Z=0.000), Max=(X=25200.000 Y=25200.000 Z=25200.000)
 |- Is 2D: False
 |- [+] /Game/level/MainMenu_.MainMenu_:PersistentLevel.LandscapeStreamingProxy_6BMQW77DBUC6AMXW76JY2B1BD_30_2_2_0
 |   |-         Package: /Game/__ExternalActors__/level/MainMenu_/E/CU/GQCTMXS1PIPFPMVVKIK7OH
 |   |-     Editor Only: 0
 |   |-   Instance Guid: 5EE02591470127ACB6BDE08998671F2A
 |   |- [+] Container:
 |   |   |-        ID: 00000000000000000000000000000000
 |   |   |- Transform: 0.000000,0.000000,0.000000|0.000000,0.000000,-0.000000|1.000000,1.000000,1.000000
 |- [+] /Game/level/MainMenu_.MainMenu_:PersistentLevel.LandscapeStreamingProxy_6BMQW77DBUC6AMXW76JY2B1BD_30_3_2_0
 |   |-         Package: /Game/__ExternalActors__/level/MainMenu_/9/PI/KT43N06Q0UGD25URSZGNM5
 |   |-     Editor Only: 0
 |   |-   Instance Guid: 8A1691EC4F022AFF30668E8128664CA4
 |   |- [+] Container:
 |   |   |-        ID: 00000000000000000000000000000000
 |   |   |- Transform: 0.000000,0.000000,0.000000|0.000000,0.000000,-0.000000|1.000000,1.000000,1.000000
 |- [+] /Game/level/MainMenu_.MainMenu_:PersistentLevel.LandscapeStreamingProxy_6BMQW77DBUC6AMXW76JY2B1BD_30_3_3_0
 |   |-         Package: /Game/__ExternalActors__/level/MainMenu_/1/RF/9CESYYGJWJ2KEMHJADOH33
 |   |-     Editor Only: 0
 |   |-   Instance Guid: EFDE700044A2CA5F1A24E197FA67C42A
 |   |- [+] Container:
 |   |   |-        ID: 00000000000000000000000000000000
 |   |   |- Transform: 0.000000,0.000000,0.000000|0.000000,0.000000,-0.000000|1.000000,1.000000,1.000000
 |- [+] /Game/level/MainMenu_.MainMenu_:PersistentLevel.LandscapeStreamingProxy_6BMQW77DBUC6AMXW76JY2B1BD_30_2_3_0
 |   |-         Package: /Game/__ExternalActors__/level/MainMenu_/E/YP/58Y68LEIE21R9S9WPFQ60K
 |   |-     Editor Only: 0
 |   |-   Instance Guid: F9A766154477B21749C1368EFE78D999
 |   |- [+] Container:
 |   |   |-        ID: 00000000000000000000000000000000
 |   |   |- Transform: 0.000000,0.000000,0.000000|0.000000,0.000000,-0.000000|1.000000,1.000000,1.000000
[+] Content of Cell MainMenu__MainGrid_L0_X0_Y-1_Z-1 (C4RI5NGUACPKZY73FQJPDFSZ6)
 |- Actor Count: 2
 |- Content Bounds: IsValid=true, Min=(X=0.000 Y=-5264.451 Z=-1420.000), Max=(X=3000.000 Y=0.000 Z=0.000)
 |- Cell Bounds: IsValid=true, Min=(X=0.000 Y=-25200.000 Z=-25200.000), Max=(X=25200.000 Y=0.000 Z=0.000)
 |- Is 2D: False
 |- [+] /Game/level/MainMenu_.MainMenu_:PersistentLevel.LandscapeStreamingProxy_6BMQW77DBUC6AMXW76JY2B1BD_30_2_1_0
 |   |-         Package: /Game/__ExternalActors__/level/MainMenu_/3/0G/6Q663AOGQM7GVC7WAHUI2F
 |   |-     Editor Only: 0
 |   |-   Instance Guid: 91E5B0D1425F0DCF49DFA49F85EC295A
 |   |- [+] Container:
 |   |   |-        ID: 00000000000000000000000000000000
 |   |   |- Transform: 0.000000,0.000000,0.000000|0.000000,0.000000,-0.000000|1.000000,1.000000,1.000000
 |- [+] /Game/level/MainMenu_.MainMenu_:PersistentLevel.WaterBodyRiver_Blueprint_C_UAID_10FFE03328853BCC02_1603122303
 |   |-         Package: /Game/__ExternalActors__/level/MainMenu_/8/L3/TJWS2LZBPCB38I4LYOA9F1
 |   |-     Editor Only: 0
 |   |-   Instance Guid: F0417B144E50B96661E4C4A806382E55
 |   |- [+] Container:
 |   |   |-        ID: 00000000000000000000000000000000
 |   |   |- Transform: 0.000000,0.000000,0.000000|0.000000,0.000000,-0.000000|1.000000,1.000000,1.000000
[+] Content of Cell MainMenu__MainGrid_L0_X-1_Y-1_Z0 (C9617AWJX2VM3TW24BO3K0Z8K)
 |- Actor Count: 3
 |- Content Bounds: IsValid=true, Min=(X=-6000.000 Y=-6000.000 Z=0.000), Max=(X=0.000 Y=0.000 Z=3545.312)
 |- Cell Bounds: IsValid=true, Min=(X=-25200.000 Y=-25200.000 Z=0.000), Max=(X=0.000 Y=0.000 Z=25200.000)
 |- Is 2D: False
 |- [+] /Game/level/MainMenu_.MainMenu_:PersistentLevel.LandscapeStreamingProxy_6BMQW77DBUC6AMXW76JY2B1BD_30_1_0_0
 |   |-         Package: /Game/__ExternalActors__/level/MainMenu_/B/2V/3EG5G3AFAFGPV50UXK6PNZ
 |   |-     Editor Only: 0
 |   |-   Instance Guid: 3FDB264D43F7941F2E7842A790E4578B
 |   |- [+] Container:
 |   |   |-        ID: 00000000000000000000000000000000
 |   |   |- Transform: 0.000000,0.000000,0.000000|0.000000,0.000000,-0.000000|1.000000,1.000000,1.000000
 |- [+] /Game/level/MainMenu_.MainMenu_:PersistentLevel.LandscapeStreamingProxy_6BMQW77DBUC6AMXW76JY2B1BD_30_0_1_0
 |   |-         Package: /Game/__ExternalActors__/level/MainMenu_/2/0R/XV4L6H3YU5NMYA6FNTH2ZD
 |   |-     Editor Only: 0
 |   |-   Instance Guid: AA3919994938AC906D37FC96982F2329
 |   |- [+] Container:
 |   |   |-        ID: 00000000000000000000000000000000
 |   |   |- Transform: 0.000000,0.000000,0.000000|0.000000,0.000000,-0.000000|1.000000,1.000000,1.000000
 |- [+] /Game/level/MainMenu_.MainMenu_:PersistentLevel.LandscapeStreamingProxy_6BMQW77DBUC6AMXW76JY2B1BD_30_0_0_0
 |   |-         Package: /Game/__ExternalActors__/level/MainMenu_/E/DX/AJYGHKXJ5433GI2IZR038O
 |   |-     Editor Only: 0
 |   |-   Instance Guid: BF0B92AA4A2A1D27737CCF9D2C59DFEF
 |   |- [+] Container:
 |   |   |-        ID: 00000000000000000000000000000000
 |   |   |- Transform: 0.000000,0.000000,0.000000|0.000000,0.000000,-0.000000|1.000000,1.000000,1.000000

