Log file open, 06/08/26 19:49:05
LogTrace: Initializing trace...
LogTrace: Finished trace initialization.
LogInit: Session CrashGUID >====================================================
         Session CrashGUID >   UECC-Windows-0A4105FC4F8EB17B642477B691464EFF
         Session CrashGUID >====================================================
LogConfig: No local boot hotfix file found at: [../../../../../Study/The-final-game/horror/Saved/PersistentDownloadDir/HotfixForNextBoot.txt]
LogPluginManager: Mounting Engine plugin PlatformCrypto
LogInit: ExecutableName: UnrealPak.exe
LogInit: Build: ++UE5+Release-5.5-CL-40574608
LogInit: Platform=WindowsEditor
LogInit: MachineId=ddac6cb844f1c6ee2f852291b9105b01
LogInit: DeviceId=
LogInit: Engine Version: 5.5.4-40574608+++UE5+Release-5.5
LogInit: Compatible Engine Version: 5.5.0-37670630+++UE5+Release-5.5
LogInit: Net CL: 37670630
LogInit: OS: Windows 11 (25H2) [10.0.26200.8457] (), CPU: AMD Ryzen 5 5600 6-Core Processor              , GPU: AMD Radeon RX 6650 XT
LogInit: Compiled (64-bit): Mar  7 2025 14:59:45
LogInit: Architecture: x64
LogInit: Compiled with Visual C++: 19.38.33130.00
LogInit: Build Configuration: Development
LogInit: Branch Name: ++UE5+Release-5.5
LogInit: Command Line: -CreateGlobalContainer=F:\Study\The-final-game\horror\Saved\StagedBuilds\Windows\horror\Content\Paks\global.utoc -PackageStoreManifest=F:\Study\The-final-game\horror\Saved\Cooked\Windows\horror\Metadata\packagestore.manifest -CookedDirectory=F:\Study\The-final-game\horror\Saved\Cooked\Windows -Commands="C:\Users\Administrator\AppData\Roaming\Unreal Engine\AutomationTool\Logs\F+Unreal+Engine+UE_5.5\IoStoreCommands.txt" -ScriptObjects=F:\Study\The-final-game\horror\Saved\Cooked\Windows\horror\Metadata\scriptobjects.bin -patchpaddingalign=2048 -compressionformats=Oodle -compresslevel=4 -compressmethod=Kraken -cryptokeys=F:\Study\The-final-game\horror\Saved\Cooked\Windows\horror\Metadata\Crypto.json -compressionMinBytesSaved=1024 -compressionMinPercentSaved=5 -WriteBackMetadataToAssetRegistry=Disabled -nopak
LogInit: Base Directory: F:/Unreal Engine/UE_5.5/Engine/Binaries/Win64/
LogInit: Allocator: Mimalloc
LogInit: Installed Engine Build: 1
LogInit: This binary is optimized with LTO: no, PGO: no, instrumented for PGO data collection: no
LogDevObjectVersion: Number of dev versions registered: 35
LogDevObjectVersion:   Dev-Blueprints (B0D832E4-1F89-4F0D-ACCF-7EB736FD4AA2): 10
LogDevObjectVersion:   Dev-Build (E1C64328-A22C-4D53-A36C-8E866417BD8C): 0
LogDevObjectVersion:   Dev-Core (375EC13C-06E4-48FB-B500-84F0262A717E): 4
LogDevObjectVersion:   Dev-Editor (E4B068ED-F494-42E9-A231-DA0B2E46BB41): 40
LogDevObjectVersion:   Dev-Framework (CFFC743F-43B0-4480-9391-14DF171D2073): 37
LogDevObjectVersion:   Dev-Mobile (B02B49B5-BB20-44E9-A304-32B752E40360): 3
LogDevObjectVersion:   Dev-Networking (A4E4105C-59A1-49B5-A7C5-40C4547EDFEE): 0
LogDevObjectVersion:   Dev-Online (39C831C9-5AE6-47DC-9A44-9C173E1C8E7C): 0
LogDevObjectVersion:   Dev-Physics (78F01B33-EBEA-4F98-B9B4-84EACCB95AA2): 20
LogDevObjectVersion:   Dev-Platform (6631380F-2D4D-43E0-8009-CF276956A95A): 0
LogDevObjectVersion:   Dev-Rendering (12F88B9F-8875-4AFC-A67C-D90C383ABD29): 49
LogDevObjectVersion:   Dev-Sequencer (7B5AE74C-D270-4C10-A958-57980B212A5A): 13
LogDevObjectVersion:   Dev-VR (D7296918-1DD6-4BDD-9DE2-64A83CC13884): 3
LogDevObjectVersion:   Dev-LoadTimes (C2A15278-BFE7-4AFE-6C17-90FF531DF755): 1
LogDevObjectVersion:   Private-Geometry (6EACA3D4-40EC-4CC1-B786-8BED09428FC5): 3
LogDevObjectVersion:   Dev-AnimPhys (29E575DD-E0A3-4627-9D10-D276232CDCEA): 17
LogDevObjectVersion:   Dev-Anim (AF43A65D-7FD3-4947-9873-3E8ED9C1BB05): 15
LogDevObjectVersion:   Dev-ReflectionCapture (6B266CEC-1EC7-4B8F-A30B-E4D90942FC07): 1
LogDevObjectVersion:   Dev-Automation (0DF73D61-A23F-47EA-B727-89E90C41499A): 1
LogDevObjectVersion:   FortniteMain (601D1886-AC64-4F84-AA16-D3DE0DEAC7D6): 170
LogDevObjectVersion:   FortniteValkyrie (8DBC2C5B-54A7-43E0-A768-FCBB7DA29060): 8
LogDevObjectVersion:   FortniteSeason (5B4C06B7-2463-4AF8-805B-BF70CDF5D0DD): 13
LogDevObjectVersion:   FortniteRelease (E7086368-6B23-4C58-8439-1B7016265E91): 15
LogDevObjectVersion:   Dev-Enterprise (9DFFBCD6-494F-0158-E221-12823C92A888): 10
LogDevObjectVersion:   Dev-Niagara (F2AED0AC-9AFE-416F-8664-AA7FFA26D6FC): 1
LogDevObjectVersion:   Dev-Destruction (174F1F0B-B4C6-45A5-B13F-2EE8D0FB917D): 10
LogDevObjectVersion:   Dev-Physics-Ext (35F94A83-E258-406C-A318-09F59610247C): 41
LogDevObjectVersion:   Dev-PhysicsMaterial-Chaos (B68FC16E-8B1B-42E2-B453-215C058844FE): 1
LogDevObjectVersion:   Dev-CineCamera (B2E18506-4273-CFC2-A54E-F4BB758BBA07): 1
LogDevObjectVersion:   Dev-VirtualProduction (64F58936-FD1B-42BA-BA96-7289D5D0FA4E): 1
LogDevObjectVersion:   UE5-Main (697DD581-E64F-41AB-AA4A-51ECBEB7B628): 119
LogDevObjectVersion:   UE5-Release (D89B5E42-24BD-4D46-8412-ACA8DF641779): 51
LogDevObjectVersion:   UE5-PrivateFrosty (59DA5D52-1232-4948-B878-597870B8E98B): 8
LogDevObjectVersion:   Dev-MediaFramework (6F0ED827-A609-4895-9C91-998D90180EA4): 2
LogDevObjectVersion:   Dev-NaniteResearch (30D58BE3-95EA-4282-A6E3-B159D8EBB06A): 1
LogConfig: Branch 'PlatformCrypto' had been unloaded. Reloading on-demand took 0.10ms
LogInit: Presizing for max 100000 objects, including 0 objects not considered by GC.
LogInit: Object subsystem initialized
LogConfig: Applying CVar settings from Section [Startup] File [../../../Engine/Config/ConsoleVariables.ini]
LogConfig: CVar [[r.DumpShaderDebugInfo:2]] deferred - dummy variable created
LogConfig: CVar [[p.chaos.AllowCreatePhysxBodies:1]] deferred - dummy variable created
LogConfig: CVar [[fx.SkipVectorVMBackendOptimizations:1]] deferred - dummy variable created
LogConfig: CVar [[ds.CADTranslator.Meshing.ActivateThinZoneMeshing:0]] deferred - dummy variable created
LogConfig: CVar [[ds.CADTranslator.Stitching.RemoveThinFaces:0]] deferred - dummy variable created
LogConfig: Applying CVar settings from Section [Startup_Windows] File [../../../Engine/Config/ConsoleVariables.ini]
LogConfig: Applying CVar settings from Section [ConsoleVariables] File [Engine]
LogConfig: Set CVar [[memory.MemoryPressureCriticalThresholdMB:512]]
[2026.06.08-17.49.05:291][  0]LogInit: Computer: DESKTOP-U57AIEV
[2026.06.08-17.49.05:291][  0]LogInit: User: Administrator
[2026.06.08-17.49.05:291][  0]LogInit: CPU Page size=4096, Cores=6
[2026.06.08-17.49.05:291][  0]LogInit: High frequency timer resolution =10.000000 MHz
[2026.06.08-17.49.05:474][  0]LogMemory: Process is running as part of a Windows Job with separate resource limits
[2026.06.08-17.49.05:474][  0]LogMemory: Memory total: Physical=31.9GB (32GB approx) Virtual=33.9GB
[2026.06.08-17.49.05:474][  0]LogMemory: Platform Memory Stats for WindowsEditor
[2026.06.08-17.49.05:474][  0]LogMemory: Process Physical Memory: 58.42 MB used, 59.21 MB peak
[2026.06.08-17.49.05:474][  0]LogMemory: Process Virtual Memory: 111.47 MB used, 111.47 MB peak
[2026.06.08-17.49.05:474][  0]LogMemory: Physical Memory: 16556.81 MB used,  16134.23 MB free, 32691.05 MB total
[2026.06.08-17.49.05:474][  0]LogMemory: Virtual Memory: 25377.18 MB used,  9361.87 MB free, 34739.05 MB total
[2026.06.08-17.49.05:479][  0]LogAssetRegistry: FAssetRegistry took 0.0001 seconds to start up
[2026.06.08-17.49.05:479][  0]LogUObjectArray: 438 objects as part of root set at end of initial load.
[2026.06.08-17.49.05:479][  0]LogUObjectArray: CloseDisregardForGC: 0/0 objects in disregard for GC pool
[2026.06.08-17.49.05:479][  0]LogInit: Using OS detected language ().
[2026.06.08-17.49.05:479][  0]LogInit: Using OS detected locale ().
[2026.06.08-17.49.05:479][  0]LogTextLocalizationManager: No localization for '' exists, so 'en' will be used for the language.
[2026.06.08-17.49.05:480][  0]LogTextLocalizationManager: No localization for '' exists, so 'en' will be used for the locale.
[2026.06.08-17.49.05:480][  0]LogInit: Using OS detected language ().
[2026.06.08-17.49.05:480][  0]LogInit: Using OS detected locale ().
[2026.06.08-17.49.05:480][  0]LogTextLocalizationManager: No localization for '' exists, so 'en' will be used for the language.
[2026.06.08-17.49.05:480][  0]LogTextLocalizationManager: No localization for '' exists, so 'en' will be used for the locale.
[2026.06.08-17.49.05:480][  0]LogPakFile: Display: ProjectDir: ../../../../../Study/The-final-game/horror/
[2026.06.08-17.49.05:480][  0]LogIoStore: Display: ==================== IoStore Utils ====================
[2026.06.08-17.49.05:480][  0]LogIoStore: Display: Parsing crypto keys from a crypto key cache file 'F:\Study\The-final-game\horror\Saved\Cooked\Windows\horror\Metadata\Crypto.json'
[2026.06.08-17.49.05:480][  0]LogIoStore: Display: Container signing - DISABLED
[2026.06.08-17.49.05:480][  0]LogIoStore: Display: Directory index - ENABLED
[2026.06.08-17.49.05:480][  0]LogIoStore: Display: Using compression format 'Oodle'
[2026.06.08-17.49.05:480][  0]LogIoStore: Display: Using memory mapping alignment '16384'
[2026.06.08-17.49.05:480][  0]LogIoStore: Display: Using compression block size '65536'
[2026.06.08-17.49.05:480][  0]LogIoStore: Display: Using compression block alignment '2048'
[2026.06.08-17.49.05:480][  0]LogIoStore: Display: Using compression min bytes saved '1024'
[2026.06.08-17.49.05:480][  0]LogIoStore: Display: Using compression min percent saved '5'
[2026.06.08-17.49.05:480][  0]LogIoStore: Display: Using max partition size '0'
[2026.06.08-17.49.05:480][  0]LogIoStore: Display: Not using DDC for compression
[2026.06.08-17.49.05:480][  0]LogIoStore: Display: Using command list file: 'C:\Users\Administrator\AppData\Roaming\Unreal Engine\AutomationTool\Logs\F+Unreal+Engine+UE_5.5\IoStoreCommands.txt'
[2026.06.08-17.49.05:483][  0]LogIoStore: Display: Selected Oodle level 4 (Normal) from command line for shaders
[2026.06.08-17.49.05:484][  0]LogIoStore: Display: Fetched 1492 oplog items from Manifest in 0.00 seconds
[2026.06.08-17.49.05:487][  0]LogIoStore: Display: Parsed 1492 oplog items 0.00 seconds, 1947 chunks
[2026.06.08-17.49.05:490][  0]LogIoStore: Display: Using input asset registry: F:/Study/The-final-game/horror/Saved/Cooked/Windows/horror/Metadata/DevelopmentAssetRegistry.bin
[2026.06.08-17.49.05:496][  0]LogIoStore: Display: Loaded 480 chunk hashes from AssetRegistry in 0.01 seconds, 480 hashes updated in 0.00 seconds
[2026.06.08-17.49.05:498][  0]LogIoStore: Display: Searching for cooked assets in folder 'F:\Study\The-final-game\horror\Saved\Cooked\Windows'
[2026.06.08-17.49.05:510][  0]LogIoStore: Display: Found '3422' files
[2026.06.08-17.49.05:521][  0]LogIoStore: Display: Creating container targets...
[2026.06.08-17.49.05:526][  0]OodleDataCompression: Display: Oodle v2.9.12 format for pak/iostore with method=Kraken, level=4=Normal
[2026.06.08-17.49.05:563][  0]LogIoStore: Display: Parsing packages...
[2026.06.08-17.49.05:563][  0]LogIoStore: Display: Reading package assets...
[2026.06.08-17.49.05:570][  0]LogIoStore: Display: Reading 1000/1467: 'F:/Study/The-final-game/horror/Saved/Cooked/Windows/horror/Content/Weapon/textures/2K_Metalness.uasset'
[2026.06.08-17.49.05:573][  0]LogIoStore: Display: Packages read 1,467 files in 0.01 seconds, 3,515,298 total bytes, 354,307,571 bytes per second
[2026.06.08-17.49.05:589][  0]LogIoStore: Display: Processing shader libraries, compressing with Oodle Mermaid, level 4 (Normal)
[2026.06.08-17.49.05:595][  0]LogShaderLibrary: Display: Created IoStoreShaderArchive header: shaders grouped in 369 groups (138 of them didn't need new indices), average uncompressed size 154232 bytes, min 249 bytes, max 1042473 bytes (r.ShaderCodeLibrary.MaxShaderGroupSize=1048576)
[2026.06.08-17.49.05:676][  0]LogIoStore: Display: Global-PCD3D_SM5(PCD3D_SM5): Recompressed 3946 shaders as 369 groups. Library size changed from 12754 KB (4.36 : 1 ratio) to 5645 KB (9.84 : 1 ratio), 44.26% of previous.
[2026.06.08-17.49.05:704][  0]LogShaderLibrary: Display: Created IoStoreShaderArchive header: shaders grouped in 552 groups (188 of them didn't need new indices), average uncompressed size 210593 bytes, min 1249 bytes, max 1039670 bytes (r.ShaderCodeLibrary.MaxShaderGroupSize=1048576)
[2026.06.08-17.49.06:182][  0]LogIoStore: Display: Global-PCD3D_SM6(PCD3D_SM6): Recompressed 7617 shaders as 552 groups. Library size changed from 86765 KB (1.31 : 1 ratio) to 48945 KB (2.32 : 1 ratio), 56.41% of previous.
[2026.06.08-17.49.06:194][  0]LogShaderLibrary: Display: Created IoStoreShaderArchive header: shaders grouped in 340 groups (100 of them didn't need new indices), average uncompressed size 144942 bytes, min 325 bytes, max 1037247 bytes (r.ShaderCodeLibrary.MaxShaderGroupSize=1048576)
[2026.06.08-17.49.06:253][  0]LogIoStore: Display: horror-PCD3D_SM5(PCD3D_SM5): Recompressed 3842 shaders as 340 groups. Library size changed from 14109 KB (3.41 : 1 ratio) to 3987 KB (12.07 : 1 ratio), 28.26% of previous.
[2026.06.08-17.49.06:272][  0]LogShaderLibrary: Display: Created IoStoreShaderArchive header: shaders grouped in 382 groups (74 of them didn't need new indices), average uncompressed size 222215 bytes, min 2342 bytes, max 1036479 bytes (r.ShaderCodeLibrary.MaxShaderGroupSize=1048576)
[2026.06.08-17.49.06:552][  0]LogIoStore: Display: horror-PCD3D_SM6(PCD3D_SM6): Recompressed 6148 shaders as 382 groups. Library size changed from 63121 KB (1.31 : 1 ratio) to 36536 KB (2.27 : 1 ratio), 57.88% of previous.
[2026.06.08-17.49.06:558][  0]LogIoStore: Display: Shaders processed in 0.97 seconds
[2026.06.08-17.49.06:559][  0]LogIoStore: Display: Initialized WriteRequestManager with MaxConcurrentSourceReads=6 (12 cores), MaxSourceBufferMemory=3072MiB
[2026.06.08-17.49.06:562][  0]LogIoStore: Display: Processing redirects...
[2026.06.08-17.49.06:562][  0]LogIoStore: Display: Creating disk layout...
[2026.06.08-17.49.06:564][  0]LogIoStore: Display: Ordered 1467 packages using fallback bundle order
[2026.06.08-17.49.06:578][  0]LogIoStore: Display: Serializing container(s)...
[2026.06.08-17.49.08:580][  0]LogIoStore: Display: Writing chunks 3391/3594... [1745 compressed] [1336 compression tasks] [Physical: 1582 MiB, Virtual: 4062 MiB]
[2026.06.08-17.49.09:138][  0]LogIoStore: Display: Writing and compressing took 2.40 seconds, writes to disk took 0.47 seconds for 565,876,128 bytes @ 1,216,555,414 bytes per second.
[2026.06.08-17.49.09:138][  0]LogIoStore: Display: global: Found perfect hashmap for 1 items.
[2026.06.08-17.49.09:408][  0]LogIoStore: Display: horror-Windows: Found perfect hashmap for 3593 items.
[2026.06.08-17.49.09:413][  0]LogIoStore: Display: Finalize took 0.3 seconds for 2 writers to write 545,123 bytes, 1,983,481 bytes per second
[2026.06.08-17.49.09:413][  0]LogIoStore: Display: Writing tocs... [Physical: 1466 MiB, Virtual: 3826 MiB]
[2026.06.08-17.49.09:413][  0]LogIoStore: Display: 480 / 3,594 hashes were loaded from the hash database, by type:
[2026.06.08-17.49.09:413][  0]LogIoStore: Display:     BulkData                   480
[2026.06.08-17.49.09:413][  0]LogIoStore: Display: 1,947 / 3,594 chunks attempted to compress, by type:
[2026.06.08-17.49.09:413][  0]LogIoStore: Display:     ExportBundleData           1,467 / 1,467
[2026.06.08-17.49.09:413][  0]LogIoStore: Display:     BulkData                   480 / 480
[2026.06.08-17.49.09:413][  0]LogIoStore: Display:     ScriptObjects              0 / 1
[2026.06.08-17.49.09:413][  0]LogIoStore: Display:     ContainerHeader            0 / 1
[2026.06.08-17.49.09:413][  0]LogIoStore: Display:     ShaderCodeLibrary          0 / 4
[2026.06.08-17.49.09:413][  0]LogIoStore: Display:     ShaderCode                 0 / 1,641
[2026.06.08-17.49.09:413][  0]LogIoStore: Display: Source bytes read:
[2026.06.08-17.49.09:413][  0]LogIoStore: Display:     Zen:                                  0
[2026.06.08-17.49.09:413][  0]LogIoStore: Display:     Loose File:               1,740,506,304
[2026.06.08-17.49.09:413][  0]LogIoStore: Display:         ExportBundleData        914,734,586 bytes over 2,934 reads
[2026.06.08-17.49.09:413][  0]LogIoStore: Display:         BulkData                825,771,718 bytes over 480 reads
[2026.06.08-17.49.09:413][  0]LogIoStore: Display:     Memory:                     196,528,604
[2026.06.08-17.49.09:413][  0]LogIoStore: Display:         ShaderCodeLibrary         1,738,696 bytes over 8 reads
[2026.06.08-17.49.09:413][  0]LogIoStore: Display:         ShaderCode              194,789,908 bytes over 3,282 reads
[2026.06.08-17.49.09:413][  0]LogIoStore: Display: Calculating stats...
[2026.06.08-17.49.09:413][  0]LogIoStore: Display: 
[2026.06.08-17.49.09:413][  0]LogIoStore: Display: Container Summary
[2026.06.08-17.49.09:413][  0]LogIoStore: Display: ==================
[2026.06.08-17.49.09:413][  0]LogIoStore: Display: 
[2026.06.08-17.49.09:413][  0]LogIoStore: Display: Container                                               Flags      Chunk(s) #       TOC (KiB)       Raw Size (MiB)           Size (MiB)
[2026.06.08-17.49.09:413][  0]LogIoStore: Display: ----------------------------------------------------------------------------------------------------------------------------------------------
[2026.06.08-17.49.09:413][  0]LogIoStore: Display: global                                              -/-/-/-/-               1            0.63                 2.33                 2.33 -
[2026.06.08-17.49.09:413][  0]LogIoStore: Display: horror-Windows                                      C/-/-/I/-            3593          531.71              1322.51               537.33 (59.37% Oodle)
[2026.06.08-17.49.09:413][  0]LogIoStore: Display: ----------------------------------------------------------------------------------------------------------------------------------------------
[2026.06.08-17.49.09:413][  0]LogIoStore: Display: Total                                                                    3594          532.35              1324.84               539.66
[2026.06.08-17.49.09:413][  0]LogIoStore: Display: 
[2026.06.08-17.49.09:413][  0]LogIoStore: Display: ** Flags: (C)ompressed / (E)ncrypted / (S)igned) / (I)ndexed) / (O)nDemand **
[2026.06.08-17.49.09:413][  0]LogIoStore: Display: 
[2026.06.08-17.49.09:413][  0]LogIoStore: Display: Compression block padding:     2.67 MiB
[2026.06.08-17.49.09:413][  0]LogIoStore: Display: 
[2026.06.08-17.49.09:413][  0]LogIoStore: Display: Container Directory Index
[2026.06.08-17.49.09:413][  0]LogIoStore: Display: ==========================
[2026.06.08-17.49.09:413][  0]LogIoStore: Display: 
[2026.06.08-17.49.09:413][  0]LogIoStore: Display: Container                                          Size (KiB)
[2026.06.08-17.49.09:413][  0]LogIoStore: Display: ----------------------------------------------------------------------------------------------------------------------------------------------
[2026.06.08-17.49.09:413][  0]LogIoStore: Display: global                                                   0.00
[2026.06.08-17.49.09:413][  0]LogIoStore: Display: horror-Windows                                          83.61
[2026.06.08-17.49.09:413][  0]LogIoStore: Display: 
[2026.06.08-17.49.09:413][  0]LogIoStore: Display: Container Patch Report
[2026.06.08-17.49.09:413][  0]LogIoStore: Display: ========================
[2026.06.08-17.49.09:413][  0]LogIoStore: Display: 
[2026.06.08-17.49.09:413][  0]LogIoStore: Display: Container                                             Total #       Modified #          Added #   Modified (MiB)      Added (MiB)
[2026.06.08-17.49.09:413][  0]LogIoStore: Display: ----------------------------------------------------------------------------------------------------------------------------------------------
[2026.06.08-17.49.09:414][  0]LogIoStore: Display: global                                                      1                0                0             0.00             0.00
[2026.06.08-17.49.09:414][  0]LogIoStore: Display: horror-Windows                                           3593                0             3593             0.00           534.67
[2026.06.08-17.49.09:414][  0]LogIoStore: Display: 
[2026.06.08-17.49.09:414][  0]LogIoStore: Display: PackageStore
[2026.06.08-17.49.09:414][  0]LogIoStore: Display: =============
[2026.06.08-17.49.09:414][  0]LogIoStore: Display: 
[2026.06.08-17.49.09:414][  0]LogIoStore: Display: Container                                          Size (KiB)      Packages #     Localized #
[2026.06.08-17.49.09:414][  0]LogIoStore: Display: ----------------------------------------------------------------------------------------------------------------------------------------------
[2026.06.08-17.49.09:414][  0]LogIoStore: Display: horror-Windows                                             53            1467               0
[2026.06.08-17.49.09:414][  0]LogIoStore: Display: ----------------------------------------------------------------------------------------------------------------------------------------------
[2026.06.08-17.49.09:414][  0]LogIoStore: Display: Total                                                      53            1467               0
[2026.06.08-17.49.09:414][  0]LogIoStore: Display: 
[2026.06.08-17.49.09:414][  0]LogIoStore: Display: 
[2026.06.08-17.49.09:414][  0]LogIoStore: Display: Input:      1467 Packages
[2026.06.08-17.49.09:414][  0]LogIoStore: Display: Input:      0.43 GB UExp
[2026.06.08-17.49.09:414][  0]LogIoStore: Display: Input:      0.00 GB UAsset
[2026.06.08-17.49.09:414][  0]LogIoStore: Display: Input:      0.77 GB UBulk
[2026.06.08-17.49.09:414][  0]LogIoStore: Display: Input:     53.31 MB for 921 Global shaders
[2026.06.08-17.49.09:414][  0]LogIoStore: Display: Input:      6.60 MB for 292 Shared shaders
[2026.06.08-17.49.09:414][  0]LogIoStore: Display: Input:      0.00 MB for 0 Unique shaders
[2026.06.08-17.49.09:414][  0]LogIoStore: Display: Input:     32.97 MB for 428 Inline shaders
[2026.06.08-17.49.09:414][  0]LogIoStore: Display: 
[2026.06.08-17.49.09:414][  0]LogIoStore: Display: Output:    16394 Name map entries
[2026.06.08-17.49.09:414][  0]LogIoStore: Display: Output:     2361 Imported package entries
[2026.06.08-17.49.09:414][  0]LogIoStore: Display: Output:      825 Packages without imports
[2026.06.08-17.49.09:414][  0]LogIoStore: Display: Output:        0 Public runtime script objects
[2026.06.08-17.49.09:414][  0]LogIoStore: Display: Output:     0.00 GB HeaderData
[2026.06.08-17.49.09:414][  0]LogIoStore: Display: Output:     2.33 MB InitialLoadData
[2026.06.08-17.49.09:414][  0]LogIoStore: Display: 
[2026.06.08-17.49.09:418][  0]LogPakFile: Display: UnrealPak executed in 3.938511 seconds
[2026.06.08-17.49.09:425][  0]LogCore: Engine exit requested (reason: UnrealPak Exiting)
[2026.06.08-17.49.09:425][  0]LogExit: Preparing to exit.
[2026.06.08-17.49.09:425][  0]LogExit: Object subsystem successfully closed.
[2026.06.08-17.49.09:426][  0]LogPakFile: Destroying PakPlatformFile
[2026.06.08-17.49.09:426][  0]LogExit: Exiting.
[2026.06.08-17.49.09:435][  0]Log file closed, 06/08/26 19:49:09
